Missing <body> tag.
Line 11: Unexpected closing tag </p>. Other tags were expected to close first.
Line 11: Missing closing </a>.
Line 16: Unknown or unsupported tag <r>.
Line 16: Unknown or unsupported tag <r>.
Line 22: Unexpected closing tag </ul>. Other tags were expected to close first.
Line 19: Missing closing </li>.
Line 25: Missing closing ">".
Line 26: Unexpected closing tag </div>. Other tags were expected to close first.
Line 25: Missing closing </p>.
Line 27: Unexpected closing tag </body>. Expected </html>.